../Drivers/BSP/openx07v_c_lcd.c:116:9:BSP_LCD_Init	16	static
../Drivers/BSP/openx07v_c_lcd.c:144:10:BSP_LCD_GetXSize	8	static
../Drivers/BSP/openx07v_c_lcd.c:153:10:BSP_LCD_GetYSize	8	static
../Drivers/BSP/openx07v_c_lcd.c:162:10:BSP_LCD_GetTextColor	4	static
../Drivers/BSP/openx07v_c_lcd.c:171:10:BSP_LCD_GetBackColor	4	static
../Drivers/BSP/openx07v_c_lcd.c:181:6:BSP_LCD_SetTextColor	16	static
../Drivers/BSP/openx07v_c_lcd.c:191:6:BSP_LCD_SetBackColor	16	static
../Drivers/BSP/openx07v_c_lcd.c:201:6:BSP_LCD_SetFont	16	static
../Drivers/BSP/openx07v_c_lcd.c:210:8:BSP_LCD_GetFont	4	static
../Drivers/BSP/openx07v_c_lcd.c:220:6:BSP_LCD_Clear	32	static
../Drivers/BSP/openx07v_c_lcd.c:245:6:BSP_LCD_ClearStringLine	32	static
../Drivers/BSP/openx07v_c_lcd.c:265:6:BSP_LCD_DisplayChar	16	static
../Drivers/BSP/openx07v_c_lcd.c:283:6:BSP_LCD_DisplayStringAt	48	static
../Drivers/BSP/openx07v_c_lcd.c:342:6:BSP_LCD_DisplayStringAtLine	16	static
../Drivers/BSP/openx07v_c_lcd.c:353:10:BSP_LCD_ReadPixel	24	static
../Drivers/BSP/openx07v_c_lcd.c:372:6:BSP_LCD_DrawHLine	32	static
../Drivers/BSP/openx07v_c_lcd.c:396:6:BSP_LCD_DrawVLine	32	static
../Drivers/BSP/openx07v_c_lcd.c:421:6:BSP_LCD_DrawLine	56	static
../Drivers/BSP/openx07v_c_lcd.c:496:6:BSP_LCD_DrawRect	24	static
../Drivers/BSP/openx07v_c_lcd.c:514:6:BSP_LCD_DrawCircle	32	static
../Drivers/BSP/openx07v_c_lcd.c:564:6:BSP_LCD_DrawPolygon	32	static
../Drivers/BSP/openx07v_c_lcd.c:593:6:BSP_LCD_DrawEllipse	56	static
../Drivers/BSP/openx07v_c_lcd.c:626:6:BSP_LCD_DrawBitmap	32	static
../Drivers/BSP/openx07v_c_lcd.c:658:6:BSP_LCD_DrawRGBImage	32	static
../Drivers/BSP/openx07v_c_lcd.c:678:6:BSP_LCD_FillRect	24	static
../Drivers/BSP/openx07v_c_lcd.c:695:6:BSP_LCD_FillCircle	32	static
../Drivers/BSP/openx07v_c_lcd.c:745:6:BSP_LCD_FillEllipse	56	static
../Drivers/BSP/openx07v_c_lcd.c:775:6:BSP_LCD_DisplayOn	8	static
../Drivers/BSP/openx07v_c_lcd.c:784:6:BSP_LCD_DisplayOff	8	static
../Drivers/BSP/openx07v_c_lcd.c:807:13:LCD_DrawPixel	16	static
../Drivers/BSP/openx07v_c_lcd.c:822:13:LCD_DrawChar	48	static
../Drivers/BSP/openx07v_c_lcd.c:893:13:LCD_SetDisplayWindow	24	static
